Archive member included to satisfy reference by file (symbol)

C:/ST/STM32CubeIDE_1.16.0/STM32CubeIDE/plugins/com.st.stm32cube.ide.mcu.externaltools.gnu-tools-for-stm32.12.3.rel1.win32_1.0.200.202406191623/tools/bin/../lib/gcc/arm-none-eabi/12.3.1/../../../../arm-none-eabi/lib/thumb/v6-m/nofp\libc_nano.a(libc_a-exit.o)
                              C:/ST/STM32CubeIDE_1.16.0/STM32CubeIDE/plugins/com.st.stm32cube.ide.mcu.externaltools.gnu-tools-for-stm32.12.3.rel1.win32_1.0.200.202406191623/tools/bin/../lib/gcc/arm-none-eabi/12.3.1/../../../../arm-none-eabi/lib/thumb/v6-m/nofp/crt0.o (exit)
C:/ST/STM32CubeIDE_1.16.0/STM32CubeIDE/plugins/com.st.stm32cube.ide.mcu.externaltools.gnu-tools-for-stm32.12.3.rel1.win32_1.0.200.202406191623/tools/bin/../lib/gcc/arm-none-eabi/12.3.1/../../../../arm-none-eabi/lib/thumb/v6-m/nofp\libc_nano.a(libc_a-findfp.o)
                              C:/ST/STM32CubeIDE_1.16.0/STM32CubeIDE/plugins/com.st.stm32cube.ide.mcu.externaltools.gnu-tools-for-stm32.12.3.rel1.win32_1.0.200.202406191623/tools/bin/../lib/gcc/arm-none-eabi/12.3.1/../../../../arm-none-eabi/lib/thumb/v6-m/nofp\libc_nano.a(libc_a-exit.o) (__stdio_exit_handler)
C:/ST/STM32CubeIDE_1.16.0/STM32CubeIDE/plugins/com.st.stm32cube.ide.mcu.externaltools.gnu-tools-for-stm32.12.3.rel1.win32_1.0.200.202406191623/tools/bin/../lib/gcc/arm-none-eabi/12.3.1/../../../../arm-none-eabi/lib/thumb/v6-m/nofp\libc_nano.a(libc_a-fwalk.o)
                              C:/ST/STM32CubeIDE_1.16.0/STM32CubeIDE/plugins/com.st.stm32cube.ide.mcu.externaltools.gnu-tools-for-stm32.12.3.rel1.win32_1.0.200.202406191623/tools/bin/../lib/gcc/arm-none-eabi/12.3.1/../../../../arm-none-eabi/lib/thumb/v6-m/nofp\libc_nano.a(libc_a-findfp.o) (_fwalk_sglue)
C:/ST/STM32CubeIDE_1.16.0/STM32CubeIDE/plugins/com.st.stm32cube.ide.mcu.externaltools.gnu-tools-for-stm32.12.3.rel1.win32_1.0.200.202406191623/tools/bin/../lib/gcc/arm-none-eabi/12.3.1/../../../../arm-none-eabi/lib/thumb/v6-m/nofp\libc_nano.a(libc_a-stdio.o)
                              C:/ST/STM32CubeIDE_1.16.0/STM32CubeIDE/plugins/com.st.stm32cube.ide.mcu.externaltools.gnu-tools-for-stm32.12.3.rel1.win32_1.0.200.202406191623/tools/bin/../lib/gcc/arm-none-eabi/12.3.1/../../../../arm-none-eabi/lib/thumb/v6-m/nofp\libc_nano.a(libc_a-findfp.o) (__sread)
C:/ST/STM32CubeIDE_1.16.0/STM32CubeIDE/plugins/com.st.stm32cube.ide.mcu.externaltools.gnu-tools-for-stm32.12.3.rel1.win32_1.0.200.202406191623/tools/bin/../lib/gcc/arm-none-eabi/12.3.1/../../../../arm-none-eabi/lib/thumb/v6-m/nofp\libc_nano.a(libc_a-memset.o)
                              C:/ST/STM32CubeIDE_1.16.0/STM32CubeIDE/plugins/com.st.stm32cube.ide.mcu.externaltools.gnu-tools-for-stm32.12.3.rel1.win32_1.0.200.202406191623/tools/bin/../lib/gcc/arm-none-eabi/12.3.1/../../../../arm-none-eabi/lib/thumb/v6-m/nofp/crt0.o (memset)
C:/ST/STM32CubeIDE_1.16.0/STM32CubeIDE/plugins/com.st.stm32cube.ide.mcu.externaltools.gnu-tools-for-stm32.12.3.rel1.win32_1.0.200.202406191623/tools/bin/../lib/gcc/arm-none-eabi/12.3.1/../../../../arm-none-eabi/lib/thumb/v6-m/nofp\libc_nano.a(libc_a-closer.o)
                              C:/ST/STM32CubeIDE_1.16.0/STM32CubeIDE/plugins/com.st.stm32cube.ide.mcu.externaltools.gnu-tools-for-stm32.12.3.rel1.win32_1.0.200.202406191623/tools/bin/../lib/gcc/arm-none-eabi/12.3.1/../../../../arm-none-eabi/lib/thumb/v6-m/nofp\libc_nano.a(libc_a-stdio.o) (_close_r)
C:/ST/STM32CubeIDE_1.16.0/STM32CubeIDE/plugins/com.st.stm32cube.ide.mcu.externaltools.gnu-tools-for-stm32.12.3.rel1.win32_1.0.200.202406191623/tools/bin/../lib/gcc/arm-none-eabi/12.3.1/../../../../arm-none-eabi/lib/thumb/v6-m/nofp\libc_nano.a(libc_a-reent.o)
                              C:/ST/STM32CubeIDE_1.16.0/STM32CubeIDE/plugins/com.st.stm32cube.ide.mcu.externaltools.gnu-tools-for-stm32.12.3.rel1.win32_1.0.200.202406191623/tools/bin/../lib/gcc/arm-none-eabi/12.3.1/../../../../arm-none-eabi/lib/thumb/v6-m/nofp\libc_nano.a(libc_a-closer.o) (errno)
C:/ST/STM32CubeIDE_1.16.0/STM32CubeIDE/plugins/com.st.stm32cube.ide.mcu.externaltools.gnu-tools-for-stm32.12.3.rel1.win32_1.0.200.202406191623/tools/bin/../lib/gcc/arm-none-eabi/12.3.1/../../../../arm-none-eabi/lib/thumb/v6-m/nofp\libc_nano.a(libc_a-impure.o)
                              C:/ST/STM32CubeIDE_1.16.0/STM32CubeIDE/plugins/com.st.stm32cube.ide.mcu.externaltools.gnu-tools-for-stm32.12.3.rel1.win32_1.0.200.202406191623/tools/bin/../lib/gcc/arm-none-eabi/12.3.1/../../../../arm-none-eabi/lib/thumb/v6-m/nofp\libc_nano.a(libc_a-reent.o) (_impure_ptr)
C:/ST/STM32CubeIDE_1.16.0/STM32CubeIDE/plugins/com.st.stm32cube.ide.mcu.externaltools.gnu-tools-for-stm32.12.3.rel1.win32_1.0.200.202406191623/tools/bin/../lib/gcc/arm-none-eabi/12.3.1/../../../../arm-none-eabi/lib/thumb/v6-m/nofp\libc_nano.a(libc_a-lseekr.o)
[...]
Memory Configuration

Name             Origin             Length             Attributes
RAM              0x20000000         0x00008000         xrw
FLASH            0x08000000         0x00040000         xr
*default*        0x00000000         0xffffffff

Linker script and memory map

LOAD C:/ST/STM32CubeIDE_1.16.0/STM32CubeIDE/plugins/com.st.stm32cube.ide.mcu.externaltools.gnu-tools-for-stm32.12.3.rel1.win32_1.0.200.202406191623/tools/bin/../lib/gcc/arm-none-eabi/12.3.1/thumb/v6-m/nofp/crti.o
LOAD C:/ST/STM32CubeIDE_1.16.0/STM32CubeIDE/plugins/com.st.stm32cube.ide.mcu.externaltools.gnu-tools-for-stm32.12.3.rel1.win32_1.0.200.202406191623/tools/bin/../lib/gcc/arm-none-eabi/12.3.1/thumb/v6-m/nofp/crtbegin.o
LOAD C:/ST/STM32CubeIDE_1.16.0/STM32CubeIDE/plugins/com.st.stm32cube.ide.mcu.externaltools.gnu-tools-for-stm32.12.3.rel1.win32_1.0.200.202406191623/tools/bin/../lib/gcc/arm-none-eabi/12.3.1/../../../../arm-none-eabi/lib/thumb/v6-m/nofp/crt0.o
LOAD ./Core/Src/main.o
LOAD ./Core/Src/stm32u0xx_hal_msp.o
LOAD ./Core/Src/stm32u0xx_it.o
LOAD ./Core/Src/syscalls.o
LOAD ./Core/Src/sysmem.o
LOAD ./Core/Src/system_stm32u0xx.o
LOAD ./Core/Startup/startup_stm32u083kcux.o
LOAD ./Drivers/STM32U0xx_HAL_Driver/Src/stm32u0xx_hal.o
LOAD ./Drivers/STM32U0xx_HAL_Driver/Src/stm32u0xx_hal_cortex.o
LOAD ./Drivers/STM32U0xx_HAL_Driver/Src/stm32u0xx_hal_dma.o
LOAD ./Drivers/STM32U0xx_HAL_Driver/Src/stm32u0xx_hal_dma_ex.o
LOAD ./Drivers/STM32U0xx_HAL_Driver/Src/stm32u0xx_hal_exti.o
LOAD ./Drivers/STM32U0xx_HAL_Driver/Src/stm32u0xx_hal_flash.o
LOAD ./Drivers/STM32U0xx_HAL_Driver/Src/stm32u0xx_hal_flash_ex.o
LOAD ./Drivers/STM32U0xx_HAL_Driver/Src/stm32u0xx_hal_gpio.o
LOAD ./Drivers/STM32U0xx_HAL_Driver/Src/stm32u0xx_hal_pwr.o
LOAD ./Drivers/STM32U0xx_HAL_Driver/Src/stm32u0xx_hal_pwr_ex.o
LOAD ./Drivers/STM32U0xx_HAL_Driver/Src/stm32u0xx_hal_rcc.o
LOAD ./Drivers/STM32U0xx_HAL_Driver/Src/stm32u0xx_hal_rcc_ex.o
LOAD ./Drivers/STM32U0xx_HAL_Driver/Src/stm32u0xx_hal_spi.o
LOAD ./Drivers/STM32U0xx_HAL_Driver/Src/stm32u0xx_hal_spi_ex.o
LOAD ./Drivers/STM32U0xx_HAL_Driver/Src/stm32u0xx_hal_tim.o
LOAD ./Drivers/STM32U0xx_HAL_Driver/Src/stm32u0xx_hal_tim_ex.o
START GROUP
LOAD C:/ST/STM32CubeIDE_1.16.0/STM32CubeIDE/plugins/com.st.stm32cube.ide.mcu.externaltools.gnu-tools-for-stm32.12.3.rel1.win32_1.0.200.202406191623/tools/bin/../lib/gcc/arm-none-eabi/12.3.1/../../../../arm-none-eabi/lib/thumb/v6-m/nofp\libc_nano.a
LOAD C:/ST/STM32CubeIDE_1.16.0/STM32CubeIDE/plugins/com.st.stm32cube.ide.mcu.externaltools.gnu-tools-for-stm32.12.3.rel1.win32_1.0.200.202406191623/tools/bin/../lib/gcc/arm-none-eabi/12.3.1/../../../../arm-none-eabi/lib/thumb/v6-m/nofp\libm.a
END GROUP
START GROUP
LOAD C:/ST/STM32CubeIDE_1.16.0/STM32CubeIDE/plugins/com.st.stm32cube.ide.mcu.externaltools.gnu-tools-for-stm32.12.3.rel1.win32_1.0.200.202406191623/tools/bin/../lib/gcc/arm-none-eabi/12.3.1/thumb/v6-m/nofp\libgcc.a
LOAD C:/ST/STM32CubeIDE_1.16.0/STM32CubeIDE/plugins/com.st.stm32cube.ide.mcu.externaltools.gnu-tools-for-stm32.12.3.rel1.win32_1.0.200.202406191623/tools/bin/../lib/gcc/arm-none-eabi/12.3.1/../../../../arm-none-eabi/lib/thumb/v6-m/nofp\libc_nano.a
END GROUP
START GROUP
LOAD C:/ST/STM32CubeIDE_1.16.0/STM32CubeIDE/plugins/com.st.stm32cube.ide.mcu.externaltools.gnu-tools-for-stm32.12.3.rel1.win32_1.0.200.202406191623/tools/bin/../lib/gcc/arm-none-eabi/12.3.1/thumb/v6-m/nofp\libgcc.a
LOAD C:/ST/STM32CubeIDE_1.16.0/STM32CubeIDE/plugins/com.st.stm32cube.ide.mcu.externaltools.gnu-tools-for-stm32.12.3.rel1.win32_1.0.200.202406191623/tools/bin/../lib/gcc/arm-none-eabi/12.3.1/../../../../arm-none-eabi/lib/thumb/v6-m/nofp\libc_nano.a
LOAD C:/ST/STM32CubeIDE_1.16.0/STM32CubeIDE/plugins/com.st.stm32cube.ide.mcu.externaltools.gnu-tools-for-stm32.12.3.rel1.win32_1.0.200.202406191623/tools/bin/../lib/gcc/arm-none-eabi/12.3.1/../../../../arm-none-eabi/lib/thumb/v6-m/nofp\libnosys.a
END GROUP
START GROUP
LOAD C:/ST/STM32CubeIDE_1.16.0/STM32CubeIDE/plugins/com.st.stm32cube.ide.mcu.externaltools.gnu-tools-for-stm32.12.3.rel1.win32_1.0.200.202406191623/tools/bin/../lib/gcc/arm-none-eabi/12.3.1/thumb/v6-m/nofp\libgcc.a
LOAD C:/ST/STM32CubeIDE_1.16.0/STM32CubeIDE/plugins/com.st.stm32cube.ide.mcu.externaltools.gnu-tools-for-stm32.12.3.rel1.win32_1.0.200.202406191623/tools/bin/../lib/gcc/arm-none-eabi/12.3.1/../../../../arm-none-eabi/lib/thumb/v6-m/nofp\libc_nano.a
LOAD C:/ST/STM32CubeIDE_1.16.0/STM32CubeIDE/plugins/com.st.stm32cube.ide.mcu.externaltools.gnu-tools-for-stm32.12.3.rel1.win32_1.0.200.202406191623/tools/bin/../lib/gcc/arm-none-eabi/12.3.1/../../../../arm-none-eabi/lib/thumb/v6-m/nofp\libnosys.a
END GROUP
LOAD C:/ST/STM32CubeIDE_1.16.0/STM32CubeIDE/plugins/com.st.stm32cube.ide.mcu.externaltools.gnu-tools-for-stm32.12.3.rel1.win32_1.0.200.202406191623/tools/bin/../lib/gcc/arm-none-eabi/12.3.1/thumb/v6-m/nofp/crtend.o
LOAD C:/ST/STM32CubeIDE_1.16.0/STM32CubeIDE/plugins/com.st.stm32cube.ide.mcu.externaltools.gnu-tools-for-stm32.12.3.rel1.win32_1.0.200.202406191623/tools/bin/../lib/gcc/arm-none-eabi/12.3.1/thumb/v6-m/nofp/crtn.o
                0x20008000                        _estack = (ORIGIN (RAM) + LENGTH (RAM))
                0x00000200                        _Min_Heap_Size = 0x200
                0x00000400                        _Min_Stack_Size = 0x400

.isr_vector     0x08000000       0xc0
                0x08000000                        . = ALIGN (0x4)
 *(.isr_vector)
 .isr_vector    0x08000000       0xc0 ./Core/Startup/startup_stm32u083kcux.o
                0x08000000                g_pfnVectors
                0x080000c0                        . = ALIGN (0x4)

.text           0x080000c0     0x20ec
                0x080000c0                        . = ALIGN (0x4)
 *(.text)
 .text          0x080000c0       0x48 C:/ST/STM32CubeIDE_1.16.0/STM32CubeIDE/plugins/com.st.stm32cube.ide.mcu.externaltools.gnu-tools-for-stm32.12.3.rel1.win32_1.0.200.202406191623/tools/bin/../lib/gcc/arm-none-eabi/12.3.1/thumb/v6-m/nofp/crtbegin.o
 .text          0x08000108      0x114 C:/ST/STM32CubeIDE_1.16.0/STM32CubeIDE/plugins/com.st.stm32cube.ide.mcu.externaltools.gnu-tools-for-stm32.12.3.rel1.win32_1.0.200.202406191623/tools/bin/../lib/gcc/arm-none-eabi/12.3.1/thumb/v6-m/nofp\libgcc.a(_udivsi3.o)
                0x08000108                __aeabi_uidiv
                0x08000108                __udivsi3
                0x08000214                __aeabi_uidivmod
 .text          0x0800021c        0x4 C:/ST/STM32CubeIDE_1.16.0/STM32CubeIDE/plugins/com.st.stm32cube.ide.mcu.externaltools.gnu-tools-for-stm32.12.3.rel1.win32_1.0.200.202406191623/tools/bin/../lib/gcc/arm-none-eabi/12.3.1/thumb/v6-m/nofp\libgcc.a(_dvmd_tls.o)
                0x0800021c                __aeabi_idiv0
                0x0800021c                __aeabi_ldiv0
 *(.text*)
 .text.main     0x08000220      0x108 ./Core/Src/main.o
                0x08000220                main
 .text.SystemClock_Config
                0x08000328       0x8a ./Core/Src/main.o
                0x08000328                SystemClock_Config
 *fill*         0x080003b2        0x2 
 .text.MX_SPI3_Init
                0x080003b4       0x7c ./Core/Src/main.o
 .text.MX_GPIO_Init
                0x08000430       0xa4 ./Core/Src/main.o
 .text.SPI_TX   0x080004d4       0x74 ./Core/Src/main.o
                0x080004d4                SPI_TX
 .text.Error_Handler
                0x08000548        0xc ./Core/Src/main.o
                0x08000548                Error_Handler
 .text.HAL_MspInit
                0x08000554       0x48 ./Core/Src/stm32u0xx_hal_msp.o
                0x08000554                HAL_MspInit
 .text.HAL_SPI_MspInit
                0x0800059c       0x98 ./Core/Src/stm32u0xx_hal_msp.o
                0x0800059c                HAL_SPI_MspInit
 .text.NMI_Handler
                0x08000634        0x8 ./Core/Src/stm32u0xx_it.o
                0x08000634                NMI_Handler
 .text.HardFault_Handler
                0x0800063c        0x8 ./Core/Src/stm32u0xx_it.o
                0x0800063c                HardFault_Handler
 .text.SVC_Handler
                0x08000644        0xa ./Core/Src/stm32u0xx_it.o
                0x08000644                SVC_Handler
 .text.PendSV_Handler
                0x0800064e        0xa ./Core/Src/stm32u0xx_it.o
                0x0800064e                PendSV_Handler
 .text.SysTick_Handler
                0x08000658        0xe ./Core/Src/stm32u0xx_it.o
                0x08000658                SysTick_Handler
 *fill*         0x08000666        0x2 
 .text.SystemInit
                0x08000668       0x58 ./Core/Src/system_stm32u0xx.o
                0x08000668                SystemInit
 .text.Reset_Handler
                0x080006c0       0x50 ./Core/Startup/startup_stm32u083kcux.o
                0x080006c0                Reset_Handler
 .text.Default_Handler
                0x08000710        0x2 ./Core/Startup/startup_stm32u083kcux.o
                0x08000710                WWDG_IWDG_IRQHandler
                0x08000710                DMA1_Ch4_7_DMA2_Ch1_5_DMAMUX_OVR_IRQHandler
                0x08000710                TIM1_CC_IRQHandler
                0x08000710                TSC_IRQHandler
                0x08000710                USB_DRD_FS_IRQHandler
                0x08000710                I2C1_IRQHandler
                0x08000710                TIM7_LPTIM2_IRQHandler
                0x08000710                RCC_CRS_IRQHandler
                0x08000710                RTC_TAMP_IRQHandler
                0x08000710                I2C2_3_4_IRQHandler
                0x08000710                SPI1_IRQHandler
                0x08000710                EXTI2_3_IRQHandler
                0x08000710                USART2_LPUART2_IRQHandler
                0x08000710                LCD_IRQHandler
                0x08000710                TIM16_IRQHandler
                0x08000710                TIM3_IRQHandler
                0x08000710                EXTI4_15_IRQHandler
                0x08000710                DMA1_Channel1_IRQHandler
                0x08000710                Default_Handler
                0x08000710                TIM15_LPTIM3_IRQHandler
                0x08000710                EXTI0_1_IRQHandler
                0x08000710                SPI2_3_IRQHandler
                0x08000710                ADC_COMP1_2_IRQHandler
                0x08000710                PVD_PVM_IRQHandler
                0x08000710                TIM6_DAC_LPTIM1_IRQHandler
                0x08000710                TIM2_IRQHandler
                0x08000710                DMA1_Channel2_3_IRQHandler
                0x08000710                USART4_LPUART3_IRQHandler
                0x08000710                FLASH_ECC_IRQHandler
                0x08000710                USART3_LPUART1_IRQHandler
                0x08000710                USART1_IRQHandler
                0x08000710                TIM1_BRK_UP_TRG_COM_IRQHandler
                0x08000710                RNG_CRYP_IRQHandler
 .text.HAL_Init
                0x08000712       0x2e ./Drivers/STM32U0xx_HAL_Driver/Src/stm32u0xx_hal.o
                0x08000712                HAL_Init
 .text.HAL_InitTick
                0x08000740       0x94 ./Drivers/STM32U0xx_HAL_Driver/Src/stm32u0xx_hal.o
                0x08000740                HAL_InitTick
 .text.HAL_IncTick
                0x080007d4       0x20 ./Drivers/STM32U0xx_HAL_Driver/Src/stm32u0xx_hal.o
                0x080007d4                HAL_IncTick
 .text.HAL_GetTick
                0x080007f4       0x14 ./Drivers/STM32U0xx_HAL_Driver/Src/stm32u0xx_hal.o
                0x080007f4                HAL_GetTick
 .text.HAL_Delay
                0x08000808       0x44 ./Drivers/STM32U0xx_HAL_Driver/Src/stm32u0xx_hal.o
                0x08000808                HAL_Delay
 .text.__NVIC_SetPriority
                0x0800084c       0xdc ./Drivers/STM32U0xx_HAL_Driver/Src/stm32u0xx_hal_cortex.o
 .text.SysTick_Config
                0x08000928       0x48 ./Drivers/STM32U0xx_HAL_Driver/Src/stm32u0xx_hal_cortex.o
 .text.HAL_NVIC_SetPriority
                0x08000970       0x2a ./Drivers/STM32U0xx_HAL_Driver/Src/stm32u0xx_hal_cortex.o
                0x08000970                HAL_NVIC_SetPriority
 .text.HAL_SYSTICK_Config
                0x0800099a       0x1a ./Drivers/STM32U0xx_HAL_Driver/Src/stm32u0xx_hal_cortex.o
                0x0800099a                HAL_SYSTICK_Config
 .text.HAL_GPIO_Init
                0x080009b4      0x2e8 ./Drivers/STM32U0xx_HAL_Driver/Src/stm32u0xx_hal_gpio.o
                0x080009b4                HAL_GPIO_Init
 .text.HAL_GPIO_WritePin
                0x08000c9c       0x3a ./Drivers/STM32U0xx_HAL_Driver/Src/stm32u0xx_hal_gpio.o
                0x08000c9c                HAL_GPIO_WritePin
 .text.HAL_GPIO_TogglePin
                0x08000cd6       0x36 ./Drivers/STM32U0xx_HAL_Driver/Src/stm32u0xx_hal_gpio.o
                0x08000cd6                HAL_GPIO_TogglePin
 .text.HAL_PWREx_ControlVoltageScaling
                0x08000d0c       0xc0 ./Drivers/STM32U0xx_HAL_Driver/Src/stm32u0xx_hal_pwr_ex.o
                0x08000d0c                HAL_PWREx_ControlVoltageScaling
 .text.HAL_PWREx_GetVoltageRange
                0x08000dcc       0x18 ./Drivers/STM32U0xx_HAL_Driver/Src/stm32u0xx_hal_pwr_ex.o
                0x08000dcc                HAL_PWREx_GetVoltageRange
 .text.HAL_RCC_OscConfig
                0x08000de4      0x854 ./Drivers/STM32U0xx_HAL_Driver/Src/stm32u0xx_hal_rcc.o
                0x08000de4                HAL_RCC_OscConfig
 .text.HAL_RCC_ClockConfig
                0x08001638      0x1d8 ./Drivers/STM32U0xx_HAL_Driver/Src/stm32u0xx_hal_rcc.o
                0x08001638                HAL_RCC_ClockConfig
 .text.HAL_RCC_GetSysClockFreq
                0x08001810      0x138 ./Drivers/STM32U0xx_HAL_Driver/Src/stm32u0xx_hal_rcc.o
                0x08001810                HAL_RCC_GetSysClockFreq
 .text.RCC_SetFlashLatencyFromMSIRange
                0x08001948       0xd8 ./Drivers/STM32U0xx_HAL_Driver/Src/stm32u0xx_hal_rcc.o
 .text.HAL_SPI_Init
                0x08001a20      0x15c ./Drivers/STM32U0xx_HAL_Driver/Src/stm32u0xx_hal_spi.o
                0x08001a20                HAL_SPI_Init
 .text.HAL_SPI_Transmit
                0x08001b7c      0x2be ./Drivers/STM32U0xx_HAL_Driver/Src/stm32u0xx_hal_spi.o
                0x08001b7c                HAL_SPI_Transmit
 *fill*         0x08001e3a        0x2 
 .text.SPI_WaitFlagStateUntilTimeout
                0x08001e3c      0x11c ./Drivers/STM32U0xx_HAL_Driver/Src/stm32u0xx_hal_spi.o
 .text.SPI_WaitFifoStateUntilTimeout
                0x08001f58      0x144 ./Drivers/STM32U0xx_HAL_Driver/Src/stm32u0xx_hal_spi.o
 .text.SPI_EndRxTxTransaction
                0x0800209c       0x8c ./Drivers/STM32U0xx_HAL_Driver/Src/stm32u0xx_hal_spi.o
 .text.memset   0x08002128       0x10 C:/ST/STM32CubeIDE_1.16.0/STM32CubeIDE/plugins/com.st.stm32cube.ide.mcu.externaltools.gnu-tools-for-stm32.12.3.rel1.win32_1.0.200.202406191623/tools/bin/../lib/gcc/arm-none-eabi/12.3.1/../../../../arm-none-eabi/lib/thumb/v6-m/nofp\libc_nano.a(libc_a-memset.o)
                0x08002128                memset
 .text.__libc_init_array
                0x08002138       0x48 C:/ST/STM32CubeIDE_1.16.0/STM32CubeIDE/plugins/com.st.stm32cube.ide.mcu.externaltools.gnu-tools-for-stm32.12.3.rel1.win32_1.0.200.202406191623/tools/bin/../lib/gcc/arm-none-eabi/12.3.1/../../../../arm-none-eabi/lib/thumb/v6-m/nofp\libc_nano.a(libc_a-init.o)
                0x08002138                __libc_init_array
 .text.memcpy   0x08002180       0x12 C:/ST/STM32CubeIDE_1.16.0/STM32CubeIDE/plugins/com.st.stm32cube.ide.mcu.externaltools.gnu-tools-for-stm32.12.3.rel1.win32_1.0.200.202406191623/tools/bin/../lib/gcc/arm-none-eabi/12.3.1/../../../../arm-none-eabi/lib/thumb/v6-m/nofp\libc_nano.a(libc_a-memcpy-stub.o)
                0x08002180                memcpy
 *(.glue_7)
 .glue_7        0x08002192        0x0 linker stubs
 *(.glue_7t)
 .glue_7t       0x08002192        0x0 linker stubs
 *(.eh_frame)
 *fill*         0x08002192        0x2 
 .eh_frame      0x08002194        0x0 C:/ST/STM32CubeIDE_1.16.0/STM32CubeIDE/plugins/com.st.stm32cube.ide.mcu.externaltools.gnu-tools-for-stm32.12.3.rel1.win32_1.0.200.202406191623/tools/bin/../lib/gcc/arm-none-eabi/12.3.1/thumb/v6-m/nofp/crtbegin.o
 *(.init)
 .init          0x08002194        0x4 C:/ST/STM32CubeIDE_1.16.0/STM32CubeIDE/plugins/com.st.stm32cube.ide.mcu.externaltools.gnu-tools-for-stm32.12.3.rel1.win32_1.0.200.202406191623/tools/bin/../lib/gcc/arm-none-eabi/12.3.1/thumb/v6-m/nofp/crti.o
                0x08002194                _init
 .init          0x08002198        0x8 C:/ST/STM32CubeIDE_1.16.0/STM32CubeIDE/plugins/com.st.stm32cube.ide.mcu.externaltools.gnu-tools-for-stm32.12.3.rel1.win32_1.0.200.202406191623/tools/bin/../lib/gcc/arm-none-eabi/12.3.1/thumb/v6-m/nofp/crtn.o
 *(.fini)
 .fini          0x080021a0        0x4 C:/ST/STM32CubeIDE_1.16.0/STM32CubeIDE/plugins/com.st.stm32cube.ide.mcu.externaltools.gnu-tools-for-stm32.12.3.rel1.win32_1.0.200.202406191623/tools/bin/../lib/gcc/arm-none-eabi/12.3.1/thumb/v6-m/nofp/crti.o
                0x080021a0                _fini
 .fini          0x080021a4        0x8 C:/ST/STM32CubeIDE_1.16.0/STM32CubeIDE/plugins/com.st.stm32cube.ide.mcu.externaltools.gnu-tools-for-stm32.12.3.rel1.win32_1.0.200.202406191623/tools/bin/../lib/gcc/arm-none-eabi/12.3.1/thumb/v6-m/nofp/crtn.o
                0x080021ac                        . = ALIGN (0x4)
                0x080021ac                        _etext = .

.vfp11_veneer   0x080021ac        0x0
 .vfp11_veneer  0x080021ac        0x0 linker stubs

.v4_bx          0x080021ac        0x0
 .v4_bx         0x080021ac        0x0 linker stubs

.iplt           0x080021ac        0x0
 .iplt          0x080021ac        0x0 C:/ST/STM32CubeIDE_1.16.0/STM32CubeIDE/plugins/com.st.stm32cube.ide.mcu.externaltools.gnu-tools-for-stm32.12.3.rel1.win32_1.0.200.202406191623/tools/bin/../lib/gcc/arm-none-eabi/12.3.1/thumb/v6-m/nofp/crtbegin.o

.rodata         0x080021ac       0x40
                0x080021ac                        . = ALIGN (0x4)
 *(.rodata)
 *(.rodata*)
 .rodata.AHBPrescTable
                0x080021ac       0x10 ./Core/Src/system_stm32u0xx.o
                0x080021ac                AHBPrescTable
 .rodata.MSIRangeTable
                0x080021bc       0x30 ./Core/Src/system_stm32u0xx.o
                0x080021bc                MSIRangeTable
                0x080021ec                        . = ALIGN (0x4)

.ARM.extab      0x080021ec        0x0
                0x080021ec                        . = ALIGN (0x4)
 *(.ARM.extab* .gnu.linkonce.armextab.*)
                0x080021ec                        . = ALIGN (0x4)

.ARM            0x080021ec        0x0
                0x080021ec                        . = ALIGN (0x4)
                0x080021ec                        __exidx_start = .
 *(.ARM.exidx*)
                0x080021ec                        __exidx_end = .
                0x080021ec                        . = ALIGN (0x4)

.preinit_array  0x080021ec        0x0
                0x080021ec                        . = ALIGN (0x4)
                0x080021ec                        PROVIDE (__preinit_array_start = .)
 *(.preinit_array*)
                0x080021ec                        PROVIDE (__preinit_array_end = .)
                0x080021ec                        . = ALIGN (0x4)

.init_array     0x080021ec        0x4
                0x080021ec                        . = ALIGN (0x4)
                0x080021ec                        PROVIDE (__init_array_start = .)
 *(SORT_BY_NAME(.init_array.*))
 *(.init_array*)
 .init_array    0x080021ec        0x4 C:/ST/STM32CubeIDE_1.16.0/STM32CubeIDE/plugins/com.st.stm32cube.ide.mcu.externaltools.gnu-tools-for-stm32.12.3.rel1.win32_1.0.200.202406191623/tools/bin/../lib/gcc/arm-none-eabi/12.3.1/thumb/v6-m/nofp/crtbegin.o
                0x080021f0                        PROVIDE (__init_array_end = .)
                0x080021f0                        . = ALIGN (0x4)

.fini_array     0x080021f0        0x4
                0x080021f0                        . = ALIGN (0x4)
                [!provide]                        PROVIDE (__fini_array_start = .)
 *(SORT_BY_NAME(.fini_array.*))
 *(.fini_array*)
 .fini_array    0x080021f0        0x4 C:/ST/STM32CubeIDE_1.16.0/STM32CubeIDE/plugins/com.st.stm32cube.ide.mcu.externaltools.gnu-tools-for-stm32.12.3.rel1.win32_1.0.200.202406191623/tools/bin/../lib/gcc/arm-none-eabi/12.3.1/thumb/v6-m/nofp/crtbegin.o
                [!provide]                        PROVIDE (__fini_array_end = .)
                0x080021f4                        . = ALIGN (0x4)
                0x080021f4                        _sidata = LOADADDR (.data)

.rel.dyn        0x080021f4        0x0
 .rel.iplt      0x080021f4        0x0 C:/ST/STM32CubeIDE_1.16.0/STM32CubeIDE/plugins/com.st.stm32cube.ide.mcu.externaltools.gnu-tools-for-stm32.12.3.rel1.win32_1.0.200.202406191623/tools/bin/../lib/gcc/arm-none-eabi/12.3.1/thumb/v6-m/nofp/crtbegin.o

.data           0x20000000        0xc load address 0x080021f4
                0x20000000                        . = ALIGN (0x4)
                0x20000000                        _sdata = .
 *(.data)
 *(.data*)
 .data.SystemCoreClock
                0x20000000        0x4 ./Core/Src/system_stm32u0xx.o
                0x20000000                SystemCoreClock
 .data.uwTickPrio
                0x20000004        0x4 ./Drivers/STM32U0xx_HAL_Driver/Src/stm32u0xx_hal.o
                0x20000004                uwTickPrio
 .data.uwTickFreq
                0x20000008        0x4 ./Drivers/STM32U0xx_HAL_Driver/Src/stm32u0xx_hal.o
                0x20000008                uwTickFreq
 *(.RamFunc)
 *(.RamFunc*)
                0x2000000c                        . = ALIGN (0x4)
                0x2000000c                        _edata = .

.igot.plt       0x2000000c        0x0 load address 0x08002200
 .igot.plt      0x2000000c        0x0 C:/ST/STM32CubeIDE_1.16.0/STM32CubeIDE/plugins/com.st.stm32cube.ide.mcu.externaltools.gnu-tools-for-stm32.12.3.rel1.win32_1.0.200.202406191623/tools/bin/../lib/gcc/arm-none-eabi/12.3.1/thumb/v6-m/nofp/crtbegin.o
                0x2000000c                        . = ALIGN (0x4)

.bss            0x2000000c       0x98 load address 0x08002200
                0x2000000c                        _sbss = .
                0x2000000c                        __bss_start__ = _sbss
 *(.bss)
 .bss           0x2000000c       0x1c C:/ST/STM32CubeIDE_1.16.0/STM32CubeIDE/plugins/com.st.stm32cube.ide.mcu.externaltools.gnu-tools-for-stm32.12.3.rel1.win32_1.0.200.202406191623/tools/bin/../lib/gcc/arm-none-eabi/12.3.1/thumb/v6-m/nofp/crtbegin.o
 *(.bss*)
 .bss.hspi3     0x20000028       0x64 ./Core/Src/main.o
                0x20000028                hspi3
 .bss.aTxBuffer
                0x2000008c       0x14 ./Core/Src/main.o
                0x2000008c                aTxBuffer
 .bss.uwTick    0x200000a0        0x4 ./Drivers/STM32U0xx_HAL_Driver/Src/stm32u0xx_hal.o
                0x200000a0                uwTick
 *(COMMON)
                0x200000a4                        . = ALIGN (0x4)
                0x200000a4                        _ebss = .
                0x200000a4                        __bss_end__ = _ebss

._user_heap_stack
                0x200000a4      0x604 load address 0x08002200
                0x200000a8                        . = ALIGN (0x8)
 *fill*         0x200000a4        0x4 
                [!provide]                        PROVIDE (end = .)
                0x200000a8                        PROVIDE (_end = .)
                0x200002a8                        . = (. + _Min_Heap_Size)
 *fill*         0x200000a8      0x200 
                0x200006a8                        . = (. + _Min_Stack_Size)
 *fill*         0x200002a8      0x400 
                0x200006a8                        . = ALIGN (0x8)

/DISCARD/
 libc.a(*)
 libm.a(*)
 libgcc.a(*)

.ARM.attributes
                0x00000000       0x28
 *(.ARM.attributes)
 .ARM.attributes
                0x00000000       0x1e C:/ST/STM32CubeIDE_1.16.0/STM32CubeIDE/plugins/com.st.stm32cube.ide.mcu.externaltools.gnu-tools-for-stm32.12.3.rel1.win32_1.0.200.202406191623/tools/bin/../lib/gcc/arm-none-eabi/12.3.1/thumb/v6-m/nofp/crti.o
 .ARM.attributes
                0x0000001e       0x2c C:/ST/STM32CubeIDE_1.16.0/STM32CubeIDE/plugins/com.st.stm32cube.ide.mcu.externaltools.gnu-tools-for-stm32.12.3.rel1.win32_1.0.200.202406191623/tools/bin/../lib/gcc/arm-none-eabi/12.3.1/thumb/v6-m/nofp/crtbegin.o
 .ARM.attributes
                0x0000004a       0x2c ./Core/Src/main.o
 .ARM.attributes
                0x00000076       0x2c ./Core/Src/stm32u0xx_hal_msp.o
 .ARM.attributes
                0x000000a2       0x2c ./Core/Src/stm32u0xx_it.o
 .ARM.attributes
                0x000000ce       0x2c ./Core/Src/system_stm32u0xx.o
 .ARM.attributes
                0x000000fa       0x22 ./Core/Startup/startup_stm32u083kcux.o
 .ARM.attributes
                0x0000011c       0x2c ./Drivers/STM32U0xx_HAL_Driver/Src/stm32u0xx_hal.o
 .ARM.attributes
                0x00000148       0x2c ./Drivers/STM32U0xx_HAL_Driver/Src/stm32u0xx_hal_cortex.o
 .ARM.attributes
                0x00000174       0x2c ./Drivers/STM32U0xx_HAL_Driver/Src/stm32u0xx_hal_gpio.o
 .ARM.attributes
                0x000001a0       0x2c ./Drivers/STM32U0xx_HAL_Driver/Src/stm32u0xx_hal_pwr_ex.o
 .ARM.attributes
                0x000001cc       0x2c ./Drivers/STM32U0xx_HAL_Driver/Src/stm32u0xx_hal_rcc.o
 .ARM.attributes
                0x000001f8       0x2c ./Drivers/STM32U0xx_HAL_Driver/Src/stm32u0xx_hal_spi.o
 .ARM.attributes
                0x00000224       0x2c C:/ST/STM32CubeIDE_1.16.0/STM32CubeIDE/plugins/com.st.stm32cube.ide.mcu.externaltools.gnu-tools-for-stm32.12.3.rel1.win32_1.0.200.202406191623/tools/bin/../lib/gcc/arm-none-eabi/12.3.1/../../../../arm-none-eabi/lib/thumb/v6-m/nofp\libc_nano.a(libc_a-memset.o)
 .ARM.attributes
                0x00000250       0x2c C:/ST/STM32CubeIDE_1.16.0/STM32CubeIDE/plugins/com.st.stm32cube.ide.mcu.externaltools.gnu-tools-for-stm32.12.3.rel1.win32_1.0.200.202406191623/tools/bin/../lib/gcc/arm-none-eabi/12.3.1/../../../../arm-none-eabi/lib/thumb/v6-m/nofp\libc_nano.a(libc_a-init.o)
 .ARM.attributes
                0x0000027c       0x2c C:/ST/STM32CubeIDE_1.16.0/STM32CubeIDE/plugins/com.st.stm32cube.ide.mcu.externaltools.gnu-tools-for-stm32.12.3.rel1.win32_1.0.200.202406191623/tools/bin/../lib/gcc/arm-none-eabi/12.3.1/../../../../arm-none-eabi/lib/thumb/v6-m/nofp\libc_nano.a(libc_a-memcpy-stub.o)
 .ARM.attributes
                0x000002a8       0x1e C:/ST/STM32CubeIDE_1.16.0/STM32CubeIDE/plugins/com.st.stm32cube.ide.mcu.externaltools.gnu-tools-for-stm32.12.3.rel1.win32_1.0.200.202406191623/tools/bin/../lib/gcc/arm-none-eabi/12.3.1/thumb/v6-m/nofp\libgcc.a(_udivsi3.o)
 .ARM.attributes
                0x000002c6       0x1e C:/ST/STM32CubeIDE_1.16.0/STM32CubeIDE/plugins/com.st.stm32cube.ide.mcu.externaltools.gnu-tools-for-stm32.12.3.rel1.win32_1.0.200.202406191623/tools/bin/../lib/gcc/arm-none-eabi/12.3.1/thumb/v6-m/nofp\libgcc.a(_dvmd_tls.o)
 .ARM.attributes
                0x000002e4       0x1e C:/ST/STM32CubeIDE_1.16.0/STM32CubeIDE/plugins/com.st.stm32cube.ide.mcu.externaltools.gnu-tools-for-stm32.12.3.rel1.win32_1.0.200.202406191623/tools/bin/../lib/gcc/arm-none-eabi/12.3.1/thumb/v6-m/nofp/crtn.o
OUTPUT(controller.elf elf32-littlearm)
LOAD linker stubs
LOAD C:/ST/STM32CubeIDE_1.16.0/STM32CubeIDE/plugins/com.st.stm32cube.ide.mcu.externaltools.gnu-tools-for-stm32.12.3.rel1.win32_1.0.200.202406191623/tools/bin/../lib/gcc/arm-none-eabi/12.3.1/../../../../arm-none-eabi/lib/thumb/v6-m/nofp\libc.a
LOAD C:/ST/STM32CubeIDE_1.16.0/STM32CubeIDE/plugins/com.st.stm32cube.ide.mcu.externaltools.gnu-tools-for-stm32.12.3.rel1.win32_1.0.200.202406191623/tools/bin/../lib/gcc/arm-none-eabi/12.3.1/../../../../arm-none-eabi/lib/thumb/v6-m/nofp\libm.a
LOAD C:/ST/STM32CubeIDE_1.16.0/STM32CubeIDE/plugins/com.st.stm32cube.ide.mcu.externaltools.gnu-tools-for-stm32.12.3.rel1.win32_1.0.200.202406191623/tools/bin/../lib/gcc/arm-none-eabi/12.3.1/thumb/v6-m/nofp\libgcc.a

.debug_info     0x00000000     0x6645
 .debug_info    0x00000000      0xed2 ./Core/Src/main.o
 .debug_info    0x00000ed2      0xaca ./Core/Src/stm32u0xx_hal_msp.o
 .debug_info    0x0000199c      0x117 ./Core/Src/stm32u0xx_it.o
 .debug_info    0x00001ab3      0x67a ./Core/Src/system_stm32u0xx.o
 .debug_info    0x0000212d       0x30 ./Core/Startup/startup_stm32u083kcux.o
 .debug_info    0x0000215d      0xa76 ./Drivers/STM32U0xx_HAL_Driver/Src/stm32u0xx_hal.o
 .debug_info    0x00002bd3      0x8ef ./Drivers/STM32U0xx_HAL_Driver/Src/stm32u0xx_hal_cortex.o
 .debug_info    0x000034c2      0x590 ./Drivers/STM32U0xx_HAL_Driver/Src/stm32u0xx_hal_gpio.o
 .debug_info    0x00003a52      0x855 ./Drivers/STM32U0xx_HAL_Driver/Src/stm32u0xx_hal_pwr_ex.o
 .debug_info    0x000042a7      0xc37 ./Drivers/STM32U0xx_HAL_Driver/Src/stm32u0xx_hal_rcc.o
 .debug_info    0x00004ede     0x1767 ./Drivers/STM32U0xx_HAL_Driver/Src/stm32u0xx_hal_spi.o

.debug_abbrev   0x00000000     0x1486
 .debug_abbrev  0x00000000      0x26d ./Core/Src/main.o
 .debug_abbrev  0x0000026d      0x1a9 ./Core/Src/stm32u0xx_hal_msp.o
 .debug_abbrev  0x00000416       0xac ./Core/Src/stm32u0xx_it.o
 .debug_abbrev  0x000004c2      0x117 ./Core/Src/system_stm32u0xx.o
 .debug_abbrev  0x000005d9       0x24 ./Core/Startup/startup_stm32u083kcux.o
 .debug_abbrev  0x000005fd      0x29c ./Drivers/STM32U0xx_HAL_Driver/Src/stm32u0xx_hal.o
 .debug_abbrev  0x00000899      0x2ab ./Drivers/STM32U0xx_HAL_Driver/Src/stm32u0xx_hal_cortex.o
 .debug_abbrev  0x00000b44      0x1c8 ./Drivers/STM32U0xx_HAL_Driver/Src/stm32u0xx_hal_gpio.o
 .debug_abbrev  0x00000d0c      0x212 ./Drivers/STM32U0xx_HAL_Driver/Src/stm32u0xx_hal_pwr_ex.o
 .debug_abbrev  0x00000f1e      0x2d8 ./Drivers/STM32U0xx_HAL_Driver/Src/stm32u0xx_hal_rcc.o
 .debug_abbrev  0x000011f6      0x290 ./Drivers/STM32U0xx_HAL_Driver/Src/stm32u0xx_hal_spi.o

.debug_aranges  0x00000000      0x738
 .debug_aranges
                0x00000000       0x48 ./Core/Src/main.o
 .debug_aranges
                0x00000048       0x30 ./Core/Src/stm32u0xx_hal_msp.o
 .debug_aranges
                0x00000078       0x40 ./Core/Src/stm32u0xx_it.o
 .debug_aranges
                0x000000b8       0x28 ./Core/Src/system_stm32u0xx.o
 .debug_aranges
                0x000000e0       0x28 ./Core/Startup/startup_stm32u083kcux.o
 .debug_aranges
                0x00000108      0x158 ./Drivers/STM32U0xx_HAL_Driver/Src/stm32u0xx_hal.o
 .debug_aranges
                0x00000260       0xe8 ./Drivers/STM32U0xx_HAL_Driver/Src/stm32u0xx_hal_cortex.o
 .debug_aranges
                0x00000348       0x60 ./Drivers/STM32U0xx_HAL_Driver/Src/stm32u0xx_hal_gpio.o
 .debug_aranges
                0x000003a8      0x130 ./Drivers/STM32U0xx_HAL_Driver/Src/stm32u0xx_hal_pwr_ex.o
 .debug_aranges
                0x000004d8       0x88 ./Drivers/STM32U0xx_HAL_Driver/Src/stm32u0xx_hal_rcc.o
 .debug_aranges
                0x00000560      0x1d8 ./Drivers/STM32U0xx_HAL_Driver/Src/stm32u0xx_hal_spi.o

.debug_rnglists
                0x00000000      0x567
 .debug_rnglists
                0x00000000       0x34 ./Core/Src/main.o
 .debug_rnglists
                0x00000034       0x20 ./Core/Src/stm32u0xx_hal_msp.o
 .debug_rnglists
                0x00000054       0x2b ./Core/Src/stm32u0xx_it.o
 .debug_rnglists
                0x0000007f       0x1a ./Core/Src/system_stm32u0xx.o
 .debug_rnglists
                0x00000099       0x19 ./Core/Startup/startup_stm32u083kcux.o
 .debug_rnglists
                0x000000b2       0xfe ./Drivers/STM32U0xx_HAL_Driver/Src/stm32u0xx_hal.o
 .debug_rnglists
                0x000001b0       0xaa ./Drivers/STM32U0xx_HAL_Driver/Src/stm32u0xx_hal_cortex.o
 .debug_rnglists
                0x0000025a       0x45 ./Drivers/STM32U0xx_HAL_Driver/Src/stm32u0xx_hal_gpio.o
 .debug_rnglists
                0x0000029f       0xe6 ./Drivers/STM32U0xx_HAL_Driver/Src/stm32u0xx_hal_pwr_ex.o
 .debug_rnglists
                0x00000385       0x68 ./Drivers/STM32U0xx_HAL_Driver/Src/stm32u0xx_hal_rcc.o
 .debug_rnglists
                0x000003ed      0x17a ./Drivers/STM32U0xx_HAL_Driver/Src/stm32u0xx_hal_spi.o

.debug_macro    0x00000000    0x19901
 .debug_macro   0x00000000      0x1d9 ./Core/Src/main.o
 .debug_macro   0x000001d9      0xa8a ./Core/Src/main.o
 .debug_macro   0x00000c63      0x112 ./Core/Src/main.o
 .debug_macro   0x00000d75       0x2e ./Core/Src/main.o
 .debug_macro   0x00000da3       0x28 ./Core/Src/main.o
 .debug_macro   0x00000dcb       0x22 ./Core/Src/main.o
 .debug_macro   0x00000ded       0x8e ./Core/Src/main.o
 .debug_macro   0x00000e7b       0x51 ./Core/Src/main.o
 .debug_macro   0x00000ecc      0x103 ./Core/Src/main.o
 .debug_macro   0x00000fcf       0x6a ./Core/Src/main.o
 .debug_macro   0x00001039      0x1df ./Core/Src/main.o
 .debug_macro   0x00001218       0x1c ./Core/Src/main.o
 .debug_macro   0x00001234       0x22 ./Core/Src/main.o
 .debug_macro   0x00001256       0xd1 ./Core/Src/main.o
 .debug_macro   0x00001327      0x4da ./Core/Src/main.o
 .debug_macro   0x00001801      0x11f ./Core/Src/main.o
 .debug_macro   0x00001920     0xf892 ./Core/Src/main.o
 .debug_macro   0x000111b2       0x6c ./Core/Src/main.o
 .debug_macro   0x0001121e     0x3463 ./Core/Src/main.o
 .debug_macro   0x00014681      0x189 ./Core/Src/main.o
 .debug_macro   0x0001480a       0x5a ./Core/Src/main.o
 .debug_macro   0x00014864     0x13de ./Core/Src/main.o
 .debug_macro   0x00015c42      0x55f ./Core/Src/main.o
 .debug_macro   0x000161a1      0x1cf ./Core/Src/main.o
 .debug_macro   0x00016370      0x177 ./Core/Src/main.o
 .debug_macro   0x000164e7      0x4fa ./Core/Src/main.o
 .debug_macro   0x000169e1      0x280 ./Core/Src/main.o
 .debug_macro   0x00016c61      0x41e ./Core/Src/main.o
 .debug_macro   0x0001707f      0x1b2 ./Core/Src/main.o
 .debug_macro   0x00017231       0x43 ./Core/Src/main.o
 .debug_macro   0x00017274      0x1f1 ./Core/Src/main.o
 .debug_macro   0x00017465      0x1e3 ./Core/Src/main.o
 .debug_macro   0x00017648      0x375 ./Core/Src/main.o
 .debug_macro   0x000179bd       0x2e ./Core/Src/main.o
 .debug_macro   0x000179eb       0xe4 ./Core/Src/main.o
 .debug_macro   0x00017acf      0x128 ./Core/Src/main.o
 .debug_macro   0x00017bf7      0x3c8 ./Core/Src/main.o
 .debug_macro   0x00017fbf      0x2fe ./Core/Src/main.o
 .debug_macro   0x000182bd      0x5a7 ./Core/Src/main.o
 .debug_macro   0x00018864      0x1cd ./Core/Src/stm32u0xx_hal_msp.o
 .debug_macro   0x00018a31      0x1d7 ./Core/Src/stm32u0xx_it.o
 .debug_macro   0x00018c08      0x1cf ./Core/Src/system_stm32u0xx.o
 .debug_macro   0x00018dd7      0x1e7 ./Drivers/STM32U0xx_HAL_Driver/Src/stm32u0xx_hal.o
 .debug_macro   0x00018fbe      0x1c3 ./Drivers/STM32U0xx_HAL_Driver/Src/stm32u0xx_hal_cortex.o
 .debug_macro   0x00019181      0x1c9 ./Drivers/STM32U0xx_HAL_Driver/Src/stm32u0xx_hal_gpio.o
 .debug_macro   0x0001934a      0x1f3 ./Drivers/STM32U0xx_HAL_Driver/Src/stm32u0xx_hal_pwr_ex.o
 .debug_macro   0x0001953d      0x1f9 ./Drivers/STM32U0xx_HAL_Driver/Src/stm32u0xx_hal_rcc.o
 .debug_macro   0x00019736      0x1cb ./Drivers/STM32U0xx_HAL_Driver/Src/stm32u0xx_hal_spi.o

.debug_line     0x00000000     0x7ed0
 .debug_line    0x00000000      0x87b ./Core/Src/main.o
 .debug_line    0x0000087b      0x796 ./Core/Src/stm32u0xx_hal_msp.o
 .debug_line    0x00001011      0x7ad ./Core/Src/stm32u0xx_it.o
 .debug_line    0x000017be      0x81a ./Core/Src/system_stm32u0xx.o
 .debug_line    0x00001fd8       0x7b ./Core/Startup/startup_stm32u083kcux.o
 .debug_line    0x00002053      0xb9b ./Drivers/STM32U0xx_HAL_Driver/Src/stm32u0xx_hal.o
 .debug_line    0x00002bee      0xb9a ./Drivers/STM32U0xx_HAL_Driver/Src/stm32u0xx_hal_cortex.o
 .debug_line    0x00003788      0xba0 ./Drivers/STM32U0xx_HAL_Driver/Src/stm32u0xx_hal_gpio.o
 .debug_line    0x00004328      0xc9a ./Drivers/STM32U0xx_HAL_Driver/Src/stm32u0xx_hal_pwr_ex.o
 .debug_line    0x00004fc2      0xfcb ./Drivers/STM32U0xx_HAL_Driver/Src/stm32u0xx_hal_rcc.o
 .debug_line    0x00005f8d     0x1f43 ./Drivers/STM32U0xx_HAL_Driver/Src/stm32u0xx_hal_spi.o

.debug_str      0x00000000    0xa45be
 .debug_str     0x00000000    0xa28f7 ./Core/Src/main.o
                              0xa2c60 (size before relaxing)
 .debug_str     0x000a28f7       0x5e ./Core/Src/stm32u0xx_hal_msp.o
                              0xa29bb (size before relaxing)
 .debug_str     0x000a2955       0x82 ./Core/Src/stm32u0xx_it.o
                              0xa233d (size before relaxing)
 .debug_str     0x000a29d7      0x19e ./Core/Src/system_stm32u0xx.o
                              0xa258f (size before relaxing)
 .debug_str     0x000a2b75       0x44 ./Core/Startup/startup_stm32u083kcux.o
                                 0x78 (size before relaxing)
 .debug_str     0x000a2bb9      0x7a5 ./Drivers/STM32U0xx_HAL_Driver/Src/stm32u0xx_hal.o
                              0xa2cc9 (size before relaxing)
 .debug_str     0x000a335e      0x28d ./Drivers/STM32U0xx_HAL_Driver/Src/stm32u0xx_hal_cortex.o
                              0xa292a (size before relaxing)
 .debug_str     0x000a35eb      0x139 ./Drivers/STM32U0xx_HAL_Driver/Src/stm32u0xx_hal_gpio.o
                              0xa2545 (size before relaxing)
 .debug_str     0x000a3724      0x48c ./Drivers/STM32U0xx_HAL_Driver/Src/stm32u0xx_hal_pwr_ex.o
                              0xa29aa (size before relaxing)
 .debug_str     0x000a3bb0      0x47c ./Drivers/STM32U0xx_HAL_Driver/Src/stm32u0xx_hal_rcc.o
                              0xa2c60 (size before relaxing)
 .debug_str     0x000a402c      0x592 ./Drivers/STM32U0xx_HAL_Driver/Src/stm32u0xx_hal_spi.o
                              0xa2e16 (size before relaxing)

.comment        0x00000000       0x43
 .comment       0x00000000       0x43 ./Core/Src/main.o
                                 0x44 (size before relaxing)
 .comment       0x00000043       0x44 ./Core/Src/stm32u0xx_hal_msp.o
 .comment       0x00000043       0x44 ./Core/Src/stm32u0xx_it.o
 .comment       0x00000043       0x44 ./Core/Src/system_stm32u0xx.o
 .comment       0x00000043       0x44 ./Drivers/STM32U0xx_HAL_Driver/Src/stm32u0xx_hal.o
 .comment       0x00000043       0x44 ./Drivers/STM32U0xx_HAL_Driver/Src/stm32u0xx_hal_cortex.o
 .comment       0x00000043       0x44 ./Drivers/STM32U0xx_HAL_Driver/Src/stm32u0xx_hal_gpio.o
 .comment       0x00000043       0x44 ./Drivers/STM32U0xx_HAL_Driver/Src/stm32u0xx_hal_pwr_ex.o
 .comment       0x00000043       0x44 ./Drivers/STM32U0xx_HAL_Driver/Src/stm32u0xx_hal_rcc.o
 .comment       0x00000043       0x44 ./Drivers/STM32U0xx_HAL_Driver/Src/stm32u0xx_hal_spi.o

.debug_frame    0x00000000     0x18b4
 .debug_frame   0x00000000       0xcc ./Core/Src/main.o
 .debug_frame   0x000000cc       0x70 ./Core/Src/stm32u0xx_hal_msp.o
 .debug_frame   0x0000013c       0x9c ./Core/Src/stm32u0xx_it.o
 .debug_frame   0x000001d8       0x50 ./Core/Src/system_stm32u0xx.o
 .debug_frame   0x00000228      0x4a4 ./Drivers/STM32U0xx_HAL_Driver/Src/stm32u0xx_hal.o
 .debug_frame   0x000006cc      0x33c ./Drivers/STM32U0xx_HAL_Driver/Src/stm32u0xx_hal_cortex.o
 .debug_frame   0x00000a08      0x130 ./Drivers/STM32U0xx_HAL_Driver/Src/stm32u0xx_hal_gpio.o
 .debug_frame   0x00000b38      0x414 ./Drivers/STM32U0xx_HAL_Driver/Src/stm32u0xx_hal_pwr_ex.o
 .debug_frame   0x00000f4c      0x1c4 ./Drivers/STM32U0xx_HAL_Driver/Src/stm32u0xx_hal_rcc.o
 .debug_frame   0x00001110      0x710 ./Drivers/STM32U0xx_HAL_Driver/Src/stm32u0xx_hal_spi.o
 .debug_frame   0x00001820       0x20 C:/ST/STM32CubeIDE_1.16.0/STM32CubeIDE/plugins/com.st.stm32cube.ide.mcu.externaltools.gnu-tools-for-stm32.12.3.rel1.win32_1.0.200.202406191623/tools/bin/../lib/gcc/arm-none-eabi/12.3.1/../../../../arm-none-eabi/lib/thumb/v6-m/nofp\libc_nano.a(libc_a-memset.o)
 .debug_frame   0x00001840       0x2c C:/ST/STM32CubeIDE_1.16.0/STM32CubeIDE/plugins/com.st.stm32cube.ide.mcu.externaltools.gnu-tools-for-stm32.12.3.rel1.win32_1.0.200.202406191623/tools/bin/../lib/gcc/arm-none-eabi/12.3.1/../../../../arm-none-eabi/lib/thumb/v6-m/nofp\libc_nano.a(libc_a-init.o)
 .debug_frame   0x0000186c       0x28 C:/ST/STM32CubeIDE_1.16.0/STM32CubeIDE/plugins/com.st.stm32cube.ide.mcu.externaltools.gnu-tools-for-stm32.12.3.rel1.win32_1.0.200.202406191623/tools/bin/../lib/gcc/arm-none-eabi/12.3.1/../../../../arm-none-eabi/lib/thumb/v6-m/nofp\libc_nano.a(libc_a-memcpy-stub.o)
 .debug_frame   0x00001894       0x20 C:/ST/STM32CubeIDE_1.16.0/STM32CubeIDE/plugins/com.st.stm32cube.ide.mcu.externaltools.gnu-tools-for-stm32.12.3.rel1.win32_1.0.200.202406191623/tools/bin/../lib/gcc/arm-none-eabi/12.3.1/thumb/v6-m/nofp\libgcc.a(_udivsi3.o)

.debug_line_str
                0x00000000       0x5c
 .debug_line_str
                0x00000000       0x5c ./Core/Startup/startup_stm32u083kcux.o
